
**
Add php



diff --git a/README.md b/README.md
new file mode 100644
--- /dev/null
+++ b/README.md
@@ -0,0 +1 @@
+# PHP project
